#-----------------------------------------------------------
# Vivado v2019.1 (64-bit)
# SW Build 2552052 on Fri May 24 14:49:42 MDT 2019
# IP Build 2548770 on Fri May 24 18:01:18 MDT 2019
# Start of session at: Sat Nov 16 23:55:57 2019
# Process ID: 8748
# Current directory: C:/Users/taylan/Desktop/Lab4
# Command line: vivado.exe -gui_launcher_event rodinguilauncherevent9120 C:\Users\taylan\Desktop\Lab4\Lab4.xpr
# Log file: C:/Users/taylan/Desktop/Lab4/vivado.log
# Journal file: C:/Users/taylan/Desktop/Lab4\vivado.jou
#-----------------------------------------------------------
start_gui
open_project C:/Users/taylan/Desktop/Lab4/Lab4.xpr
update_compile_order -fileset sources_1
launch_simulation
open_wave_config C:/Users/taylan/Desktop/Lab4/CPU_Test_behav.wcfg
source CPU_Test.tcl
close_sim
launch_simulation
open_wave_config C:/Users/taylan/Desktop/Lab4/CPU_Test_behav.wcfg
source CPU_Test.tcl
close_sim
launch_simulation
open_wave_config C:/Users/taylan/Desktop/Lab4/CPU_Test_behav.wcfg
source CPU_Test.tcl
update_compile_order -fileset sim_1
update_compile_order -fileset sim_1
close_sim
launch_simulation
launch_simulation
launch_simulation
launch_simulation
open_wave_config C:/Users/taylan/Desktop/Lab4/CPU_Test_behav.wcfg
source CPU_Test.tcl
close_sim
